// Vitest Snapshot v1, https://vitest.dev/guide/snapshot.html

exports[`default export > file-contents - buffer > Should format my HTML files as expected 1`] = `
"<!doctype html>
<!--[if IE 9]>.... some HTML here ....<![endif]-->


<html lang="en">
<head>
  <meta charset="UTF-8" />
  <title>@ntnyq/gulp-prettyhtml</title>
</head>
<body>
  <header>
    <h1>
      <span>I am h1 in header</span>
    </h1>
  </header>
  <main>
    <p>
      <!---->
      <span></span>
      <b>b</b>
      <strong>strong</strong>
      <em>&copy;</em>
    </p>
  </main>
  <footer>
    <p>
      <a
        href="https://github.com/ntnyq/gulp-plugins/tree/main/packages/@ntnyq/gulp-prettyhtml"
        target="_blank"
        rel="noopener"
      >gulp-prettyhtml</a>
    </p>
  </footer>
</body>
</html>"
`;

exports[`default export > file-contents - buffer > Should works well when option verbose set 1`] = `
"<!doctype html>
<!--[if IE 9]>.... some HTML here ....<![endif]-->


<html lang="en">
<head>
  <meta charset="UTF-8" />
  <title>@ntnyq/gulp-prettyhtml</title>
</head>
<body>
  <header>
    <h1>
      <span>I am h1 in header</span>
    </h1>
  </header>
  <main>
    <p>
      <!---->
      <span></span>
      <b>b</b>
      <strong>strong</strong>
      <em>&copy;</em>
    </p>
  </main>
  <footer>
    <p>
      <a
        href="https://github.com/ntnyq/gulp-plugins/tree/main/packages/@ntnyq/gulp-prettyhtml"
        target="_blank"
        rel="noopener"
      >gulp-prettyhtml</a>
    </p>
  </footer>
</body>
</html>"
`;

exports[`default export > file-contents - stream > Should format my HTML files 1`] = `
"<!doctype html>
<!--[if IE 9]>.... some HTML here ....<![endif]-->

<html lang="en">
<head>
  <meta charset="UTF-8" />
  <title>@ntnyq/gulp-prettyhtml</title>
</head>
<body>
  <header>
    <h1>
      <span>I am h1 in header</span>
    </h1>
  </header>
  <main>
    <p>
      <!---->
      <span></span>
      <b>b</b>
      <strong>strong</strong>
      <em>&copy;</em>
    </p>
  </main>
  <footer>
    <p>
      <a
        href="https://github.com/ntnyq/gulp-plugins/tree/main/packages/@ntnyq/gulp-prettyhtml"
        target="_blank"
        rel="noopener"
      >gulp-prettyhtml</a>
    </p>
  </footer>
</body>
</html>"
`;

exports[`named export > file-contents - buffer > Should format my HTML files as expected 1`] = `
"<!doctype html>
<!--[if IE 9]>.... some HTML here ....<![endif]-->

<html lang="en">
<head>
  <meta charset="UTF-8" />
  <title>@ntnyq/gulp-prettyhtml</title>
</head>
<body>
  <header>
    <h1>
      <span>I am h1 in header</span>
    </h1>
  </header>
  <main>
    <p>
      <!---->
      <span></span>
      <b>b</b>
      <strong>strong</strong>
      <em>&copy;</em>
    </p>
  </main>
  <footer>
    <p>
      <a
        href="https://github.com/ntnyq/gulp-plugins/tree/main/packages/@ntnyq/gulp-prettyhtml"
        target="_blank"
        rel="noopener"
      >gulp-prettyhtml</a>
    </p>
  </footer>
</body>
</html>"
`;

exports[`named export > file-contents - buffer > Should works well when option verbose set 1`] = `
"<!doctype html>
<!--[if IE 9]>.... some HTML here ....<![endif]-->


<html lang="en">
<head>
  <meta charset="UTF-8" />
  <title>@ntnyq/gulp-prettyhtml</title>
</head>
<body>
  <header>
    <h1>
      <span>I am h1 in header</span>
    </h1>
  </header>
  <main>
    <p>
      <!---->
      <span></span>
      <b>b</b>
      <strong>strong</strong>
      <em>&copy;</em>
    </p>
  </main>
  <footer>
    <p>
      <a
        href="https://github.com/ntnyq/gulp-plugins/tree/main/packages/@ntnyq/gulp-prettyhtml"
        target="_blank"
        rel="noopener"
      >gulp-prettyhtml</a>
    </p>
  </footer>
</body>
</html>"
`;

exports[`named export > file-contents - stream > Should format my HTML files 1`] = `
"<!doctype html>
<!--[if IE 9]>.... some HTML here ....<![endif]-->

<html lang="en">
<head>
  <meta charset="UTF-8" />
  <title>@ntnyq/gulp-prettyhtml</title>
</head>
<body>
  <header>
    <h1>
      <span>I am h1 in header</span>
    </h1>
  </header>
  <main>
    <p>
      <!---->
      <span></span>
      <b>b</b>
      <strong>strong</strong>
      <em>&copy;</em>
    </p>
  </main>
  <footer>
    <p>
      <a
        href="https://github.com/ntnyq/gulp-plugins/tree/main/packages/@ntnyq/gulp-prettyhtml"
        target="_blank"
        rel="noopener"
      >gulp-prettyhtml</a>
    </p>
  </footer>
</body>
</html>"
`;
