// Vitest Snapshot v1, https://vitest.dev/guide/snapshot.html

exports[`default export > file > Should format my HTML files as expected 1`] = `
"<!DOCTYPE html>
<!--[if IE 9]>.... some HTML here ....<![endif]-->
<html lang="en">
  <head>
    <meta charset="UTF-8">
    <title>
      gulp-diffable-html
    </title>
  </head>
  <body>
    <header>
      <h1>
        <span>
          I am h1 in header
        </span>
      </h1>
    </header>
    <main>
      <p>
        <span>
        </span>
        <b>
          b
        </b>
        <strong>
          strong
        </strong>
        <em>
          &copy;
        </em>
      </p>
    </main>
    <footer>
      <p>
        <a
          href="https://github.com/ntnyq/gulp-diffable-html"
          target="_blank"
          rel="noopener"
        >
          gulp-diffable-html
        </a>
      </p>
    </footer>
  </body>
</html>"
`;

exports[`default export > file > Should sort attributes as expected 1`] = `
"<!DOCTYPE html>
<!--[if IE 9]>.... some HTML here ....<![endif]-->
<html lang="en">
  <head>
    <meta charset="UTF-8">
    <title>
      gulp-diffable-html
    </title>
  </head>
  <body>
    <header>
      <h1>
        <span>
          I am h1 in header
        </span>
      </h1>
    </header>
    <main>
      <p>
        <span>
        </span>
        <b>
          b
        </b>
        <strong>
          strong
        </strong>
        <em>
          &copy;
        </em>
      </p>
    </main>
    <footer>
      <p>
        <a
          href="https://github.com/ntnyq/gulp-diffable-html"
          rel="noopener"
          target="_blank"
        >
          gulp-diffable-html
        </a>
      </p>
    </footer>
  </body>
</html>"
`;

exports[`default export > file > Should works well when option verbose set 1`] = `
"<!DOCTYPE html>
<!--[if IE 9]>.... some HTML here ....<![endif]-->
<html lang="en">
  <head>
    <meta charset="UTF-8">
    <title>
      gulp-diffable-html
    </title>
  </head>
  <body>
    <header>
      <h1>
        <span>
          I am h1 in header
        </span>
      </h1>
    </header>
    <main>
      <p>
        <span>
        </span>
        <b>
          b
        </b>
        <strong>
          strong
        </strong>
        <em>
          &copy;
        </em>
      </p>
    </main>
    <footer>
      <p>
        <a
          href="https://github.com/ntnyq/gulp-diffable-html"
          target="_blank"
          rel="noopener"
        >
          gulp-diffable-html
        </a>
      </p>
    </footer>
  </body>
</html>"
`;

exports[`default export > stream > Should format my HTML files 1`] = `
"<!DOCTYPE html>
<!--[if IE 9]>.... some HTML here ....<![endif]-->
<html lang="en">
  <head>
    <meta charset="UTF-8">
    <title>
      gulp-diffable-html
    </title>
  </head>
  <body>
    <header>
      <h1>
        <span>
          I am h1 in header
        </span>
      </h1>
    </header>
    <main>
      <p>
        <span>
        </span>
        <b>
          b
        </b>
        <strong>
          strong
        </strong>
        <em>
          &copy;
        </em>
      </p>
    </main>
    <footer>
      <p>
        <a
          href="https://github.com/ntnyq/gulp-diffable-html"
          target="_blank"
          rel="noopener"
        >
          gulp-diffable-html
        </a>
      </p>
    </footer>
  </body>
</html>"
`;

exports[`named export > file > Should format my HTML files as expected 1`] = `
"<!DOCTYPE html>
<!--[if IE 9]>.... some HTML here ....<![endif]-->
<html lang="en">
  <head>
    <meta charset="UTF-8">
    <title>
      gulp-diffable-html
    </title>
  </head>
  <body>
    <header>
      <h1>
        <span>
          I am h1 in header
        </span>
      </h1>
    </header>
    <main>
      <p>
        <span>
        </span>
        <b>
          b
        </b>
        <strong>
          strong
        </strong>
        <em>
          &copy;
        </em>
      </p>
    </main>
    <footer>
      <p>
        <a
          href="https://github.com/ntnyq/gulp-diffable-html"
          target="_blank"
          rel="noopener"
        >
          gulp-diffable-html
        </a>
      </p>
    </footer>
  </body>
</html>"
`;

exports[`named export > file > Should sort attributes as expected 1`] = `
"<!DOCTYPE html>
<!--[if IE 9]>.... some HTML here ....<![endif]-->
<html lang="en">
  <head>
    <meta charset="UTF-8">
    <title>
      gulp-diffable-html
    </title>
  </head>
  <body>
    <header>
      <h1>
        <span>
          I am h1 in header
        </span>
      </h1>
    </header>
    <main>
      <p>
        <span>
        </span>
        <b>
          b
        </b>
        <strong>
          strong
        </strong>
        <em>
          &copy;
        </em>
      </p>
    </main>
    <footer>
      <p>
        <a
          href="https://github.com/ntnyq/gulp-diffable-html"
          rel="noopener"
          target="_blank"
        >
          gulp-diffable-html
        </a>
      </p>
    </footer>
  </body>
</html>"
`;

exports[`named export > file > Should works well when option verbose set 1`] = `
"<!DOCTYPE html>
<!--[if IE 9]>.... some HTML here ....<![endif]-->
<html lang="en">
  <head>
    <meta charset="UTF-8">
    <title>
      gulp-diffable-html
    </title>
  </head>
  <body>
    <header>
      <h1>
        <span>
          I am h1 in header
        </span>
      </h1>
    </header>
    <main>
      <p>
        <span>
        </span>
        <b>
          b
        </b>
        <strong>
          strong
        </strong>
        <em>
          &copy;
        </em>
      </p>
    </main>
    <footer>
      <p>
        <a
          href="https://github.com/ntnyq/gulp-diffable-html"
          target="_blank"
          rel="noopener"
        >
          gulp-diffable-html
        </a>
      </p>
    </footer>
  </body>
</html>"
`;

exports[`named export > stream > Should format my HTML files 1`] = `
"<!DOCTYPE html>
<!--[if IE 9]>.... some HTML here ....<![endif]-->
<html lang="en">
  <head>
    <meta charset="UTF-8">
    <title>
      gulp-diffable-html
    </title>
  </head>
  <body>
    <header>
      <h1>
        <span>
          I am h1 in header
        </span>
      </h1>
    </header>
    <main>
      <p>
        <span>
        </span>
        <b>
          b
        </b>
        <strong>
          strong
        </strong>
        <em>
          &copy;
        </em>
      </p>
    </main>
    <footer>
      <p>
        <a
          href="https://github.com/ntnyq/gulp-diffable-html"
          target="_blank"
          rel="noopener"
        >
          gulp-diffable-html
        </a>
      </p>
    </footer>
  </body>
</html>"
`;
