
<!DOCTYPE html>
<!--[if IE 9]>.... some HTML here ....<![endif]-->
<html lang="en">
  <head>
    <meta charset="UTF-8">
    <title>
      gulp-diffable-html
    </title>
  </head>
  <body>
    <header>
      <h1>
        <span>
          I am h1 in header
        </span>
      </h1>
    </header>
    <main>
      <p>
        <span>
        </span>
        <b>
          b
        </b>
        <strong>
          strong
        </strong>
        <em>
          &copy;
        </em>
      </p>
    </main>
    <footer>
      <p>
        <a href="https://github.com/ntnyq/gulp-diffable-html"
           target="_blank"
           rel="noopener"
        >
          gulp-diffable-html
        </a>
      </p>
    </footer>
  </body>
</html>
